{"logTime": "0809/174347", "correlationVector":"7KTnIltcGQx532B0YCN+JY.1","action":"SyncServerConnectionManagerRequest", "result":"SYNC_SERVER_OK", "context":{"environment":"Prod_brazilsouth_prod-s01-001-sam-brazilsouth", "migrationStage":"NotStarted", "server":"akswtt00700000a"}}
{"logTime": "0809/174347", "correlationVector":"7KTnIltcGQx532B0YCN+JY.2","action":"ProcessGetUpdates", "result":"Done", "context":{"dataType":"Encryption Keys", "deleted":"0", "process_failed_to_decrypt":"0", "process_pending_decryption":"0", "process_success":"1", "total":"1"}}
{"logTime": "0809/174347", "correlationVector":"3gbiLgaEKc9uk02PfwNelR","action":"SyncServerConnectionManagerRequest", "result":"SYNC_SERVER_OK", "context":{"environment":"", "migrationStage":"", "server":""}}
{"logTime": "0809/174347", "correlationVector":"3gbiLgaEKc9uk02PfwNelR.0","action":"EncryptionKeysFetcher.DownloadKeys:", "result":"Success", "context":Key count: 6, Last key timestamp: 2026-05-15T00:37:12Z}
{"logTime": "0809/174347", "correlationVector":"3gbiLgaEKc9uk02PfwNelR.1","action":"EncryptionKeysManager::SetEncryptionKeys:", "result":"Success", "context":Key names[6]:[3HyTvvRtYjr+1PerWuOLnd0095B+mODX+vIC4p1FjvrmqzYmr2tJE6+i8DSor5C5QBBhO/RFw/6tl6xHGGD8KA==][x/evTGy75sCzNNx9H/CQSpr0fKV6k+gbrk0n4PxQXlsa+jwAQXt98JPVM7N88Gl9ROg0u8x2PeOZU4wEW2aKYw==][Biv7ltqboHTpYvMLQ1Q/5vcIr+/hrhB3JC8QjFIds1DBGvmmJYuEtzeecYxIE8jdh7l6FSNmQrHo4bzzD3la/A==][1+H3PQmCH4lDge7JdSTiOq927sui3RP/G3NV63CxOJzG9kxzGJATP1OSEUlqIrHON4BHhG1KUMLSMoUazBPm+g==][fkaYBjTbG4BU+KBvY9r+QL7Q7R9i2Vx9jT72y/n9vJXzEzzx5HBb1wOYQ2oFJpopQH1TWSGThYVLxQ2lKfPPhw==][lxmGKV5sT1y8B4VcRdnOUfjA/Ei+RrsHGPMLS+dUVYU2lofrqyR4X6GYlzFhYqyEItK2hW0xHX80G/imjE/G3g==]}
{"logTime": "0809/174347", "correlationVector":"3gbiLgaEKc9uk02PfwNelR.2","action":"EncryptionKeysManager::SetEncryptionKeysWithTimestamps:", "result":"Success", "context":Key timestamps[6]:[2021-10-11T17:09:37Z][2022-09-16T12:20:29Z][2024-05-14T08:29:11Z][2025-05-03T18:55:15Z][2025-11-13T22:33:16Z][2026-05-15T00:37:12Z]}
{"logTime": "0809/174347", "correlationVector":"7KTnIltcGQx532B0YCN+JY","action":"Initial GetUpdates", "result":"", "context":Reason: NEW_CLIENT. cV=7KTnIltcGQx532B0YCN+JY}
{"logTime": "0809/174347", "correlationVector":"7KTnIltcGQx532B0YCN+JY.3","action":"GetUpdates Response", "result":"Success", "context":Received 1 update(s). cV=7KTnIltcGQx532B0YCN+JY.0;server=akswtt00700000a;cloudType=Consumer;environment=Prod_brazilsouth_prod-s01-001-sam-brazilsouth;migrationStage=NotStarted}
{"logTime": "0809/174347", "correlationVector":"/IIOl2EOxNouIvPsALJ1iT","action":"Initial GetUpdates", "result":"", "context":Reason: NEWLY_SUPPORTED_DATATYPE. cV=/IIOl2EOxNouIvPsALJ1iT}
{"logTime": "0809/174348", "correlationVector":"/IIOl2EOxNouIvPsALJ1iT.1","action":"SyncServerConnectionManagerRequest", "result":"SYNC_SERVER_OK", "context":{"environment":"Prod_brazilsouth_prod-s01-001-sam-brazilsouth", "migrationStage":"NotStarted", "server":"akswtt007000027"}}
{"logTime": "0809/174348", "correlationVector":"/IIOl2EOxNouIvPsALJ1iT.2","action":"ProcessGetUpdates", "result":"Done", "context":{"dataType":"Passwords", "deleted":"0", "process_failed_to_decrypt":"0", "process_pending_decryption":"0", "process_success":"41", "total":"41"}}
{"logTime": "0809/174348", "correlationVector":"/IIOl2EOxNouIvPsALJ1iT.3","action":"ProcessGetUpdates", "result":"Done", "context":{"dataType":"Device Info", "deleted":"0", "process_failed_to_decrypt":"0", "process_pending_decryption":"0", "process_success":"10", "total":"10"}}
{"logTime": "0809/174348", "correlationVector":"/IIOl2EOxNouIvPsALJ1iT.4","action":"GetUpdates Response", "result":"Success", "context":Received 51 update(s). cV=/IIOl2EOxNouIvPsALJ1iT.0;server=akswtt007000027;cloudType=Consumer;environment=Prod_brazilsouth_prod-s01-001-sam-brazilsouth;migrationStage=NotStarted}
{"logTime": "0809/174348", "correlationVector":"euUlWTBVcXfaNgOeCFYIcM","action":"Initial GetUpdates", "result":"", "context":Reason: NEWLY_SUPPORTED_DATATYPE. cV=euUlWTBVcXfaNgOeCFYIcM}
{"logTime": "0809/174348", "correlationVector":"euUlWTBVcXfaNgOeCFYIcM.1","action":"SyncServerConnectionManagerRequest", "result":"SYNC_SERVER_OK", "context":{"environment":"Prod_brazilsouth_prod-s01-001-sam-brazilsouth", "migrationStage":"NotStarted", "server":"akswtt00700000e"}}
{"logTime": "0809/174348", "correlationVector":"euUlWTBVcXfaNgOeCFYIcM.2","action":"ProcessGetUpdates", "result":"Done", "context":{"dataType":"Bookmarks", "deleted":"0", "process_failed_to_decrypt":"0", "process_pending_decryption":"0", "process_success":"219", "total":"219"}}
{"logTime": "0809/174348", "correlationVector":"euUlWTBVcXfaNgOeCFYIcM.3","action":"ProcessGetUpdates", "result":"Done", "context":{"dataType":"Preferences", "deleted":"0", "process_failed_to_decrypt":"0", "process_pending_decryption":"0", "process_success":"30", "total":"30"}}
{"logTime": "0809/174348", "correlationVector":"euUlWTBVcXfaNgOeCFYIcM.4","action":"ProcessGetUpdates", "result":"Done", "context":{"dataType":"Autofill", "deleted":"0", "process_failed_to_decrypt":"0", "process_pending_decryption":"0", "process_success":"1", "total":"1"}}
{"logTime": "0809/174348", "correlationVector":"euUlWTBVcXfaNgOeCFYIcM.5","action":"GetUpdates Response", "result":"Success", "context":Received 250 update(s). cV=euUlWTBVcXfaNgOeCFYIcM.0;server=akswtt00700000e;cloudType=Consumer;environment=Prod_brazilsouth_prod-s01-001-sam-brazilsouth;migrationStage=NotStarted Some updates remain.}
{"logTime": "0809/174348", "correlationVector":"UFtHpcxGWXyzwSmqWZ5wqr","action":"Initial GetUpdates", "result":"", "context":Reason: NEWLY_SUPPORTED_DATATYPE. cV=UFtHpcxGWXyzwSmqWZ5wqr}
{"logTime": "0809/174348", "correlationVector":"UFtHpcxGWXyzwSmqWZ5wqr.1","action":"SyncServerConnectionManagerRequest", "result":"SYNC_SERVER_OK", "context":{"environment":"Prod_brazilsouth_prod-s01-001-sam-brazilsouth", "migrationStage":"NotStarted", "server":"akswtt00700001k"}}
{"logTime": "0809/174348", "correlationVector":"UFtHpcxGWXyzwSmqWZ5wqr.2","action":"ProcessGetUpdates", "result":"Done", "context":{"dataType":"Bookmarks", "deleted":"0", "process_failed_to_decrypt":"0", "process_pending_decryption":"0", "process_success":"138", "total":"138"}}
{"logTime": "0809/174348", "correlationVector":"UFtHpcxGWXyzwSmqWZ5wqr.3","action":"ProcessGetUpdates", "result":"Done", "context":{"dataType":"Preferences", "deleted":"0", "process_failed_to_decrypt":"0", "process_pending_decryption":"0", "process_success":"23", "total":"23"}}
{"logTime": "0809/174348", "correlationVector":"UFtHpcxGWXyzwSmqWZ5wqr.4","action":"ProcessGetUpdates", "result":"Done", "context":{"dataType":"Autofill Profiles", "deleted":"0", "process_failed_to_decrypt":"0", "process_pending_decryption":"0", "process_success":"1", "total":"1"}}
{"logTime": "0809/174348", "correlationVector":"UFtHpcxGWXyzwSmqWZ5wqr.5","action":"ProcessGetUpdates", "result":"Done", "context":{"dataType":"Autofill", "deleted":"0", "process_failed_to_decrypt":"0", "process_pending_decryption":"0", "process_success":"7", "total":"7"}}
{"logTime": "0809/174348", "correlationVector":"UFtHpcxGWXyzwSmqWZ5wqr.6","action":"ProcessGetUpdates", "result":"Done", "context":{"dataType":"Extensions", "deleted":"0", "process_failed_to_decrypt":"0", "process_pending_decryption":"0", "process_success":"11", "total":"11"}}
{"logTime": "0809/174348", "correlationVector":"UFtHpcxGWXyzwSmqWZ5wqr.7","action":"ProcessGetUpdates", "result":"Done", "context":{"dataType":"Sessions", "deleted":"3", "process_failed_to_decrypt":"0", "process_pending_decryption":"0", "process_success":"3", "total":"3"}}
{"logTime": "0809/174348", "correlationVector":"UFtHpcxGWXyzwSmqWZ5wqr.8","action":"ProcessGetUpdates", "result":"Done", "context":{"dataType":"Extension settings", "deleted":"0", "process_failed_to_decrypt":"0", "process_pending_decryption":"0", "process_success":"12", "total":"12"}}
{"logTime": "0809/174348", "correlationVector":"UFtHpcxGWXyzwSmqWZ5wqr.9","action":"ProcessGetUpdates", "result":"Done", "context":{"dataType":"Edge Hub App Usage", "deleted":"2", "process_failed_to_decrypt":"0", "process_pending_decryption":"0", "process_success":"3", "total":"3"}}
{"logTime": "0809/174348", "correlationVector":"UFtHpcxGWXyzwSmqWZ5wqr.10","action":"GetUpdates Response", "result":"Success", "context":Received 198 update(s). cV=UFtHpcxGWXyzwSmqWZ5wqr.0;server=akswtt00700001k;cloudType=Consumer;environment=Prod_brazilsouth_prod-s01-001-sam-brazilsouth;migrationStage=NotStarted}
{"logTime": "0809/174348", "correlationVector":"/zgxuc6qPOLIp0PghZP9/B","action":"Initial GetUpdates", "result":"", "context":Reason: NEWLY_SUPPORTED_DATATYPE. cV=/zgxuc6qPOLIp0PghZP9/B}
{"logTime": "0809/174349", "correlationVector":"/zgxuc6qPOLIp0PghZP9/B.1","action":"SyncServerConnectionManagerRequest", "result":"SYNC_SERVER_OK", "context":{"environment":"Prod_brazilsouth_prod-s01-001-sam-brazilsouth", "migrationStage":"NotStarted", "server":"akswtt007000006"}}
{"logTime": "0809/174349", "correlationVector":"/zgxuc6qPOLIp0PghZP9/B.2","action":"GetUpdates Response", "result":"Success", "context":Received 0 update(s). cV=/zgxuc6qPOLIp0PghZP9/B.0;server=akswtt007000006;cloudType=Consumer;environment=Prod_brazilsouth_prod-s01-001-sam-brazilsouth;migrationStage=NotStarted}
{"logTime": "0809/174349", "correlationVector":"8rNtV1sLUUif6dMPEoiWUb","action":"Normal GetUpdate request", "result":"", "context":cV=8rNtV1sLUUif6dMPEoiWUb
Nudged types: Sessions, Device Info, User Consents
Refresh requested types: Bookmarks, Preferences, Passwords, Autofill Profiles, Autofill, Extensions, Sessions, Extension settings, History Delete Directives, Device Info, User Consents, Send Tab To Self, Web Apps, History, Saved Tab Group, WebAuthn Credentials, Edge E Drop, Edge Hub App Usage, Edge Workspace, Encryption Keys}
{"logTime": "0809/174349", "correlationVector":"8rNtV1sLUUif6dMPEoiWUb.1","action":"SyncServerConnectionManagerRequest", "result":"SYNC_SERVER_OK", "context":{"environment":"Prod_brazilsouth_prod-s01-001-sam-brazilsouth", "migrationStage":"NotStarted", "server":"akswtt00700000y"}}
{"logTime": "0809/174349", "correlationVector":"8rNtV1sLUUif6dMPEoiWUb.2","action":"GetUpdates Response", "result":"Success", "context":Received 0 update(s). cV=8rNtV1sLUUif6dMPEoiWUb.0;server=akswtt00700000y;cloudType=Consumer;environment=Prod_brazilsouth_prod-s01-001-sam-brazilsouth;migrationStage=NotStarted}
{"logTime": "0809/174349", "correlationVector":"6eGENxJ+c43fTB1dszfKsT","action":"DoCompareDataConsistency requsted types: ", "result":"Bookmarks, Preferences, Passwords, Extensions, Extension settings, History Delete Directives, Send Tab To Self, Web Apps, History, Saved Tab Group, WebAuthn Credentials, Edge E Drop, Edge Workspace, Encryption Keys"}
{"logTime": "0809/174349", "correlationVector":"6eGENxJ+c43fTB1dszfKsT.0","action":"CompareDataConsistency result: ", "result":"Compare result: Encryption Keys is consistent. local entities count is: 1 local entities hash is: t9V83ySw6Ej1cvge+0Mdphkzyqw="}
{"logTime": "0809/174349", "correlationVector":"6eGENxJ+c43fTB1dszfKsT.1","action":"CompareDataConsistency result: ", "result":"Compare result: Bookmarks is consistent. local entities count is: 351 local entities hash is: m1y8i7uwT3mDyZvGyskv5riBUW4="}
{"logTime": "0809/174349", "correlationVector":"6eGENxJ+c43fTB1dszfKsT.2","action":"CompareDataConsistency result: ", "result":"Compare result: Preferences is consistent. local entities count is: 53 local entities hash is: Bmz1NovKNPeCvYSMIudH4p1FnSs="}
{"logTime": "0809/174349", "correlationVector":"6eGENxJ+c43fTB1dszfKsT.3","action":"CompareDataConsistency result: ", "result":"Compare result: Extensions is consistent. local entities count is: 11 local entities hash is: PlQznalAmoAwo3zAJLypwxL5qm0="}
{"logTime": "0809/174349", "correlationVector":"6eGENxJ+c43fTB1dszfKsT.4","action":"CompareDataConsistency result: ", "result":"Compare result: Extension settings is consistent. local entities count is: 12 local entities hash is: oA0/gsnqdANyK2wVRxDiPHy79us="}
{"logTime": "0809/174349", "correlationVector":"6eGENxJ+c43fTB1dszfKsT.5","action":"CompareDataConsistency result: ", "result":"Compare result: History Delete Directives is consistent. local entities count is: 0 local entities hash is: "}
{"logTime": "0809/174349", "correlationVector":"6eGENxJ+c43fTB1dszfKsT.6","action":"CompareDataConsistency result: ", "result":"Server did not send this Send Tab To Self local entities count is: 0 local entities hash is: "}
{"logTime": "0809/174349", "correlationVector":"6eGENxJ+c43fTB1dszfKsT.7","action":"CompareDataConsistency result: ", "result":"Compare result: Web Apps is consistent. local entities count is: 0 local entities hash is: "}
{"logTime": "0809/174349", "correlationVector":"6eGENxJ+c43fTB1dszfKsT.8","action":"CompareDataConsistency result: ", "result":"Server did not send this History local entities count is: 0 local entities hash is: "}
{"logTime": "0809/174349", "correlationVector":"6eGENxJ+c43fTB1dszfKsT.9","action":"CompareDataConsistency result: ", "result":"Compare result: Saved Tab Group is consistent. local entities count is: 0 local entities hash is: "}
{"logTime": "0809/174349", "correlationVector":"6eGENxJ+c43fTB1dszfKsT.10","action":"CompareDataConsistency result: ", "result":"Server did not send this WebAuthn Credentials local entities count is: 0 local entities hash is: "}
{"logTime": "0809/174349", "correlationVector":"6eGENxJ+c43fTB1dszfKsT.11","action":"CompareDataConsistency result: ", "result":"Compare result: Edge E Drop is consistent. local entities count is: 0 local entities hash is: "}
{"logTime": "0809/174349", "correlationVector":"6eGENxJ+c43fTB1dszfKsT.12","action":"CompareDataConsistency result: ", "result":"Server did not send this Edge Workspace local entities count is: 0 local entities hash is: "}
{"logTime": "0809/174349", "correlationVector":"6eGENxJ+c43fTB1dszfKsT.13","action":"CompareDataConsistency result: ", "result":"Compare result: Passwords is consistent. local entities count is: 41 local entities hash is: 3lApwXW7WGpycragNekUX3FyuGI="}
{"logTime": "0809/174349", "correlationVector":"PmEus8W2QgIN1Bnm0HNDry","action":"Commit Request", "result":"", "context":Item count: 3
Contributing types: Sessions, Device Info, User Consents}
{"logTime": "0809/174349", "correlationVector":"PmEus8W2QgIN1Bnm0HNDry.1","action":"SyncServerConnectionManagerRequest", "result":"SYNC_SERVER_OK", "context":{"environment":"Prod_brazilsouth_prod-s01-001-sam-brazilsouth", "migrationStage":"NotStarted", "server":"akswtt007000006"}}
{"logTime": "0809/174349", "correlationVector":"PmEus8W2QgIN1Bnm0HNDry.2","action":"Commit Response", "result":"Success", "context":Result: Success. cV=PmEus8W2QgIN1Bnm0HNDry.0;server=akswtt007000006;cloudType=Consumer;environment=Prod_brazilsouth_prod-s01-001-sam-brazilsouth;migrationStage=NotStarted}
{"logTime": "0809/174349", "correlationVector":"","action":"DIAGNOSTIC_REQUEST|v1/diagnosticData/Diagnostic.SendCheckResult()|SUCCESS", "result":""}
{"logTime": "0809/174352", "correlationVector":"iQH8R3cj4Kmdst1pJumAjI","action":"Commit Request", "result":"", "context":Item count: 6
Contributing types: Sessions, History, Edge Hub App Usage}
{"logTime": "0809/174353", "correlationVector":"iQH8R3cj4Kmdst1pJumAjI.1","action":"SyncServerConnectionManagerRequest", "result":"SYNC_SERVER_OK", "context":{"environment":"Prod_brazilsouth_prod-s01-001-sam-brazilsouth", "migrationStage":"NotStarted", "server":"akswtt00700000m"}}
{"logTime": "0809/174353", "correlationVector":"iQH8R3cj4Kmdst1pJumAjI.2","action":"Commit Response", "result":"Success", "context":Result: Success. cV=iQH8R3cj4Kmdst1pJumAjI.0;server=akswtt00700000m;cloudType=Consumer;environment=Prod_brazilsouth_prod-s01-001-sam-brazilsouth;migrationStage=NotStarted}
{"logTime": "0809/174446", "correlationVector":"ASxqkRc9v9QlKVP4PobhPN","action":"Commit Request", "result":"", "context":Item count: 9
Contributing types: Passwords, Sessions, History}
{"logTime": "0809/174446", "correlationVector":"ASxqkRc9v9QlKVP4PobhPN.1","action":"SyncServerConnectionManagerRequest", "result":"SYNC_SERVER_OK", "context":{"environment":"Prod_brazilsouth_prod-s01-001-sam-brazilsouth", "migrationStage":"NotStarted", "server":"akswtt007000006"}}
{"logTime": "0809/174446", "correlationVector":"ASxqkRc9v9QlKVP4PobhPN.2","action":"Commit Response", "result":"Success", "context":Result: Success. cV=ASxqkRc9v9QlKVP4PobhPN.0;server=akswtt007000006;cloudType=Consumer;environment=Prod_brazilsouth_prod-s01-001-sam-brazilsouth;migrationStage=NotStarted}
